// Jest Snapshot v1, https://goo.gl/fbAQLP

exports[`Home tests Home snapshot test 1`] = `
<div>
  <h3>
    cookEATrepeat Recipes
  </h3>
  <div
    className="container"
    id="recipe"
  >
    <div
      className="col-lg-6 box rec_img_box"
    >
      <a
        href="/recipe/1"
        onClick={[Function]}
      >
        <img
          alt="Not Available"
          id="recipe_img"
          src="https://cer-images.s3.amazonaws.com/images/Test.jpg"
        />
      </a>
    </div>
    <div
      className="col-lg-6 box rec_img_box"
    >
      <a
        href="/recipe/2"
        onClick={[Function]}
      >
        <img
          alt="Not Available"
          id="recipe_img"
          src="https://cer-images.s3.amazonaws.com/images/Test.jpg"
        />
      </a>
    </div>
  </div>
</div>
`;
